id	student_id	study_group_id
1	1	1
2	1	2
3	1	3
4	1	6
5	2	6
6	2	7
7	3	4
