id	name	is_male	place_of_birth	date_of_birth	email
1	Ruth	0	Budapest	1970-02-05	ruth@computing.hu
2	Joe	1	New York	1975-06-12	joe@it.us
3	Rachel	0	Berlin	1968-01-30	rachel@math.de
4	Hilde	0	Wien	1985-08-11	hilde@chem.at
